# Daily 2up Shortlist

## 1. Kawasaki Frontale vs Machida Zelvia
League: J1 League
Kick-off: 11:00
Favourite: Machida Zelvia
Approx odds: 2.2
2up score: 35.0
Confidence: Low
Data quality: 67%

Reasons:
- Kawasaki Frontale concede regularly.
- The match profile suggests goal volatility.

Risks:
- No major statistical risk flagged from the available data.

Data notes:
- Missing favourite first-half scoring data; early-start angle was skipped.
- Missing favourite conceded-after-leading data; comeback-volatility angle was skipped.
- Data quality is incomplete, so confidence has been reduced.

Missing fields:
- favourite.first_half_goals_avg
- favourite.conceded_after_leading_rate
- underdog.first_half_goals_avg
- underdog.conceded_after_leading_rate

